V3 11
FL "C:/Documents and Settings/sturm121/Desktop/8bitadder/8bitAdder.vhd" 2011/01/05.13:15:05 J.33
EN isim_temp/EightBitAdder 1294263806 \
      FL "C:/Documents and Settings/sturm121/Desktop/8bitadder/8bitAdder.vhd" \
      PB ieee/std_logic_1164 1173817721 PB ieee/std_logic_arith 1173817723 \
      PB ieee/STD_LOGIC_UNSIGNED 1173817729
AR isim_temp/EightBitAdder/Behavioral 1294263807 \
      FL "C:/Documents and Settings/sturm121/Desktop/8bitadder/8bitAdder.vhd" \
      EN isim_temp/EightBitAdder 1294263806 CP FullAdder
FL "C:/Documents and Settings/sturm121/Desktop/8bitadder/EightBitAdder_tb.vhd" 2011/01/05.13:43:21 J.33
EN isim_temp/EightBitAdder_tb_vhd 1294263808 \
      FL "C:/Documents and Settings/sturm121/Desktop/8bitadder/EightBitAdder_tb.vhd" \
      PB ieee/std_logic_1164 1173817721 PB ieee/STD_LOGIC_UNSIGNED 1173817729 \
      PB ieee/NUMERIC_STD 1173817735
AR isim_temp/EightBitAdder_tb_vhd/behavior 1294263809 \
      FL "C:/Documents and Settings/sturm121/Desktop/8bitadder/EightBitAdder_tb.vhd" \
      EN isim_temp/EightBitAdder_tb_vhd 1294263808 CP EightBitAdder
FL "C:/Documents and Settings/sturm121/Desktop/8bitadder/FullAdder.vhd" 2011/01/03.21:51:06 J.33
EN isim_temp/FullAdder 1294263804 \
      FL "C:/Documents and Settings/sturm121/Desktop/8bitadder/FullAdder.vhd" \
      PB ieee/std_logic_1164 1173817721 PB ieee/std_logic_arith 1173817723 \
      PB ieee/STD_LOGIC_UNSIGNED 1173817729
AR isim_temp/FullAdder/Behavioral 1294263805 \
      FL "C:/Documents and Settings/sturm121/Desktop/8bitadder/FullAdder.vhd" \
      EN isim_temp/FullAdder 1294263804
