AR eightbitadder behavioral "C:/Documents and Settings/sturm121/Desktop/8bitadder/8bitAdder.vhd" sub00/vhpl03 1294262280
AR fulladder behavioral "C:/Documents and Settings/sturm121/Desktop/8bitadder/FullAdder.vhd" sub00/vhpl01 1294262278
EN fulladder NULL "C:/Documents and Settings/sturm121/Desktop/8bitadder/FullAdder.vhd" sub00/vhpl00 1294262277
EN eightbitadder NULL "C:/Documents and Settings/sturm121/Desktop/8bitadder/8bitAdder.vhd" sub00/vhpl02 1294262279
